<pre class="prettyprint lang-php"><code class="language-php">$validator-&gt;validate('http://www.example.com/');
</code></pre>