<div class="highlight"><pre class="php" style="font-family:monospace;"><span style="color: #000000; font-weight: bold;">&lt;?php</span> <a href="http://www.php.net/phpinfo"><span style="color: #990000;">phpinfo</span></a><span style="color: #009900;">&#40;</span><span style="color: #009900;">&#41;</span><span style="color: #339933;">;</span> <span style="color: #000000; font-weight: bold;">?&gt;</span></pre></div>